OK   gorilla rep1
OK   coder rep1
OK   gobwas rep1
OK   gws rep1
OK   quickws rep1
OK   fasthttp rep1
OK   nbio rep1
OK   gows rep1
OK   gows-noutf8 rep1
OK   gorilla rep2
OK   coder rep2
OK   gobwas rep2
OK   gws rep2
OK   quickws rep2
OK   fasthttp rep2
OK   nbio rep2
OK   gows rep2
OK   gows-noutf8 rep2
OK   gorilla rep3
OK   coder rep3
OK   gobwas rep3
OK   gws rep3
OK   quickws rep3
OK   fasthttp rep3
OK   nbio rep3
OK   gows rep3
OK   gows-noutf8 rep3
OK   gorilla rep4
OK   coder rep4
OK   gobwas rep4
OK   gws rep4
OK   quickws rep4
OK   fasthttp rep4
OK   nbio rep4
OK   gows rep4
OK   gows-noutf8 rep4
OK   gorilla rep5
OK   coder rep5
OK   gobwas rep5
OK   gws rep5
OK   quickws rep5
OK   fasthttp rep5
OK   nbio rep5
OK   gows rep5
OK   gows-noutf8 rep5
