OK   16k gows rep1
OK   16k gws rep1
OK   16k quickws rep1
OK   16k gows rep2
OK   16k gws rep2
OK   16k quickws rep2
OK   16k gows rep3
OK   16k gws rep3
OK   16k quickws rep3
OK   16k gows rep4
OK   16k gws rep4
OK   16k quickws rep4
OK   16k gows rep5
OK   16k gws rep5
OK   16k quickws rep5
OK   16k gows rep6
OK   16k gws rep6
OK   16k quickws rep6
OK   16k gows rep7
OK   16k gws rep7
OK   16k quickws rep7
OK   16k gows rep8
OK   16k gws rep8
OK   16k quickws rep8
OK   16k gows rep9
OK   16k gws rep9
OK   16k quickws rep9
OK   16k gows rep10
OK   16k gws rep10
OK   16k quickws rep10
OK   primary gows rep1
OK   primary quickws rep1
OK   primary gows rep2
OK   primary quickws rep2
OK   primary gows rep3
OK   primary quickws rep3
OK   primary gows rep4
OK   primary quickws rep4
OK   primary gows rep5
OK   primary quickws rep5
OK   primary gows rep6
OK   primary quickws rep6
OK   primary gows rep7
OK   primary quickws rep7
OK   primary gows rep8
OK   primary quickws rep8
OK   primary gows rep9
OK   primary quickws rep9
OK   primary gows rep10
OK   primary quickws rep10
