OK   primary gorilla rep1
OK   primary gorilla rep2
OK   primary gorilla rep3
OK   primary gorilla rep4
OK   primary gorilla rep5
OK   primary coder rep1
OK   primary coder rep2
OK   primary coder rep3
OK   primary coder rep4
OK   primary coder rep5
OK   primary gobwas rep1
OK   primary gobwas rep2
OK   primary gobwas rep3
OK   primary gobwas rep4
OK   primary gobwas rep5
OK   primary gws rep1
OK   primary gws rep2
OK   primary gws rep3
OK   primary gws rep4
OK   primary gws rep5
OK   primary quickws rep1
OK   primary quickws rep2
OK   primary quickws rep3
OK   primary quickws rep4
OK   primary quickws rep5
OK   primary fasthttp rep1
OK   primary fasthttp rep2
OK   primary fasthttp rep3
OK   primary fasthttp rep4
OK   primary fasthttp rep5
OK   primary nbio rep1
OK   primary nbio rep2
OK   primary nbio rep3
OK   primary nbio rep4
OK   primary nbio rep5
OK   primary gows rep1
OK   primary gows rep2
OK   primary gows rep3
OK   primary gows rep4
OK   primary gows rep5
OK   primary gows-noutf8 rep1
OK   primary gows-noutf8 rep2
OK   primary gows-noutf8 rep3
OK   primary gows-noutf8 rep4
OK   primary gows-noutf8 rep5
OK   sec16k gorilla rep1
OK   sec16k gorilla rep2
OK   sec16k gorilla rep3
OK   sec16k coder rep1
OK   sec16k coder rep2
OK   sec16k coder rep3
OK   sec16k gobwas rep1
OK   sec16k gobwas rep2
OK   sec16k gobwas rep3
OK   sec16k gws rep1
OK   sec16k gws rep2
OK   sec16k gws rep3
OK   sec16k quickws rep1
OK   sec16k quickws rep2
OK   sec16k quickws rep3
OK   sec16k fasthttp rep1
OK   sec16k fasthttp rep2
OK   sec16k fasthttp rep3
OK   sec16k nbio rep1
OK   sec16k nbio rep2
OK   sec16k nbio rep3
OK   sec16k gows rep1
OK   sec16k gows rep2
OK   sec16k gows rep3
OK   sec16k gows-noutf8 rep1
OK   sec16k gows-noutf8 rep2
OK   sec16k gows-noutf8 rep3
OK   sec100c gorilla rep1
OK   sec100c gorilla rep2
OK   sec100c gorilla rep3
OK   sec100c coder rep1
OK   sec100c coder rep2
OK   sec100c coder rep3
OK   sec100c gobwas rep1
OK   sec100c gobwas rep2
OK   sec100c gobwas rep3
OK   sec100c gws rep1
OK   sec100c gws rep2
OK   sec100c gws rep3
OK   sec100c quickws rep1
OK   sec100c quickws rep2
OK   sec100c quickws rep3
OK   sec100c fasthttp rep1
OK   sec100c fasthttp rep2
OK   sec100c fasthttp rep3
OK   sec100c nbio rep1
OK   sec100c nbio rep2
OK   sec100c nbio rep3
OK   sec100c gows rep1
OK   sec100c gows rep2
OK   sec100c gows rep3
OK   sec100c gows-noutf8 rep1
OK   sec100c gows-noutf8 rep2
OK   sec100c gows-noutf8 rep3
